[2026-06-07 13:08:15] [AUTH_FAIL] Failed login attempt for: admin
[2026-06-07 13:08:24] [AUTH_SUCCESS] User logged in: admin (role: admin)
[2026-06-07 13:09:33] [REGISTER] New user registered: a3 (a3@ma.ru)
[2026-06-07 13:09:41] [AUTH_SUCCESS] User logged in: a3 (role: user)
[2026-06-07 13:13:42] [AUTH_SUCCESS] User logged in: admin (role: admin)
[2026-06-07 13:21:42] [AUTH_SUCCESS] User logged in: a1 (role: user)
[2026-06-07 13:22:12] [AUTH_SUCCESS] User logged in: admin (role: admin)
[2026-06-07 13:22:20] [MACHINE_UPDATED] Machine updated: ID=8, Name=Сеялка новейшая2, Admin=admin
[2026-06-07 13:27:12] [AUTH_SUCCESS] User logged in: a1 (role: user)
[2026-06-07 13:27:14] [LOGOUT_ATTEMPT] Logout called with no user (token missing or invalid)
[2026-06-07 13:28:54] [AUTH_SUCCESS] User logged in: a1 (role: user)
[2026-06-07 13:28:55] [LOGOUT_ATTEMPT] Logout called with no user (token missing or invalid)
[2026-06-07 13:29:18] [AUTH_SUCCESS] User logged in: a1 (role: user)
[2026-06-07 13:29:18] [LOGOUT_ATTEMPT] Logout called for user: a1
[2026-06-07 13:29:18] [LOGOUT] User logged out: a1
[2026-06-07 13:30:20] [AUTH_SUCCESS] User logged in: admin2 (role: admin)
[2026-06-07 13:30:29] [ORDER_CREATED] Order created: ID=7, User ID=5, Total=8500000
[2026-06-07 13:30:37] [ORDER_PAID] Order paid: ID=7, User ID=5
[2026-06-07 13:31:19] [MACHINE_UPDATED] Machine updated: ID=6, Name=Сеялка новейшая, Admin=admin2
[2026-06-07 13:31:26] [MACHINE_DELETED] Machine deleted: ID=8, Admin=admin2
[2026-06-07 13:31:32] [LOGOUT] User logged out: admin2
[2026-06-07 13:31:44] [AUTH_SUCCESS] User logged in: admin2 (role: admin)
[2026-06-07 15:14:37] [LOGOUT] User logged out: admin2
[2026-06-07 15:15:33] [REGISTER] New user registered: a5 (a5@n.n)
[2026-06-07 15:15:41] [AUTH_SUCCESS] User logged in: a4 (role: user)
[2026-06-07 15:16:04] [ORDER_CREATED] Order created: ID=8, User ID=7, Total=250000
[2026-06-07 15:16:21] [ORDER_PAID] Order paid: ID=8, User ID=7
[2026-06-07 15:16:27] [ORDER_CREATED] Order created: ID=9, User ID=7, Total=1800000
[2026-06-07 15:16:40] [ORDER_CANCELLED] Order cancelled: ID=9, User ID=7
[2026-06-07 15:17:10] [LOGOUT] User logged out: a4
[2026-06-07 15:17:26] [AUTH_SUCCESS] User logged in: admin (role: admin)
[2026-06-07 15:18:39] [MACHINE_CREATED] Machine created: ID=9, Name=Трактор новый, Admin=admin
[2026-06-07 15:19:03] [MACHINE_UPDATED] Machine updated: ID=9, Name=Трактор новый, Admin=admin
[2026-06-07 15:19:08] [ORDER_CREATED] Order created: ID=10, User ID=1, Total=20000000
[2026-06-07 15:19:51] [ORDER_PAID] Order paid: ID=10, User ID=1
[2026-06-07 15:19:57] [ORDER_CREATED] Order created: ID=11, User ID=1, Total=7000000
[2026-06-07 15:20:21] [ORDER_CANCELLED] Order cancelled: ID=11, User ID=1
[2026-06-07 15:43:33] [LOGOUT] User logged out: admin
[2026-06-07 15:43:38] [AUTH_FAIL] Failed login attempt for: a4
